=== conectar.js servidor — 2026-08-22T19:49:33.590Z ===
[+0.0s] inicializando DHT…
[+5.3s] DHT listo | host=200.80.213.210 port=32808 firewalled=true randomized=false
[+5.3s] bootstrapped=true ephemeral=true
[+5.3s] STATS inicial | punches consistent=0 random=0 open=0 | relaying attempts=0 successes=0 aborts=0
[+5.3s] frase="aleph-gino-2026" -> clave=a1a4fe833ed23471a310fdddbfdd9f692c2aebd7c53a7e8a198316a3c8e946f3
[+7.3s] esperando conexión…
[+7.3s] server.listen OK | firewalled=true
[+10.3s] STATS periodico | punches consistent=0 random=0 open=0 | relaying attempts=0 successes=0 aborts=0
[+15.3s] STATS periodico | punches consistent=0 random=0 open=0 | relaying attempts=0 successes=0 aborts=0
[+20.3s] STATS periodico | punches consistent=0 random=0 open=0 | relaying attempts=0 successes=0 aborts=0
[+25.3s] STATS periodico | punches consistent=0 random=0 open=0 | relaying attempts=0 successes=0 aborts=0
[+30.3s] STATS periodico | punches consistent=0 random=0 open=0 | relaying attempts=0 successes=0 aborts=0
[+35.3s] STATS periodico | punches consistent=0 random=0 open=0 | relaying attempts=0 successes=0 aborts=0
[+40.3s] STATS periodico | punches consistent=0 random=0 open=0 | relaying attempts=0 successes=0 aborts=0
[+45.3s] STATS periodico | punches consistent=0 random=0 open=0 | relaying attempts=0 successes=0 aborts=0
[+50.3s] STATS periodico | punches consistent=0 random=0 open=0 | relaying attempts=0 successes=0 aborts=0
[+55.3s] STATS periodico | punches consistent=0 random=0 open=0 | relaying attempts=0 successes=0 aborts=0
[+60.3s] STATS periodico | punches consistent=0 random=0 open=0 | relaying attempts=0 successes=0 aborts=0
[+65.3s] STATS periodico | punches consistent=0 random=0 open=0 | relaying attempts=0 successes=0 aborts=0
[+70.3s] STATS periodico | punches consistent=0 random=0 open=0 | relaying attempts=0 successes=0 aborts=0
[+75.3s] STATS periodico | punches consistent=0 random=0 open=0 | relaying attempts=0 successes=0 aborts=0
[+80.3s] STATS periodico | punches consistent=0 random=0 open=0 | relaying attempts=0 successes=0 aborts=0
[+85.3s] STATS periodico | punches consistent=0 random=0 open=0 | relaying attempts=0 successes=0 aborts=0
[+90.3s] STATS periodico | punches consistent=0 random=0 open=0 | relaying attempts=0 successes=0 aborts=0
[+95.3s] STATS periodico | punches consistent=0 random=0 open=0 | relaying attempts=0 successes=0 aborts=0
[+100.3s] STATS periodico | punches consistent=0 random=0 open=0 | relaying attempts=0 successes=0 aborts=0
[+105.3s] STATS periodico | punches consistent=0 random=0 open=0 | relaying attempts=0 successes=0 aborts=0
[+110.3s] STATS periodico | punches consistent=0 random=0 open=0 | relaying attempts=0 successes=0 aborts=0
[+115.3s] STATS periodico | punches consistent=0 random=0 open=0 | relaying attempts=0 successes=0 aborts=0
[+120.3s] STATS periodico | punches consistent=0 random=0 open=0 | relaying attempts=0 successes=0 aborts=0
[+125.3s] STATS periodico | punches consistent=0 random=0 open=0 | relaying attempts=0 successes=0 aborts=0
[+130.3s] STATS periodico | punches consistent=0 random=0 open=0 | relaying attempts=0 successes=0 aborts=0
[+135.3s] STATS periodico | punches consistent=0 random=0 open=0 | relaying attempts=0 successes=0 aborts=0
[+140.3s] STATS periodico | punches consistent=0 random=0 open=0 | relaying attempts=0 successes=0 aborts=0
[+145.3s] STATS periodico | punches consistent=0 random=0 open=0 | relaying attempts=0 successes=0 aborts=0
[+150.3s] STATS periodico | punches consistent=0 random=0 open=0 | relaying attempts=0 successes=0 aborts=0
[+150.5s] ✅ CONEXION ENTRANTE de 17c52081e8f5…
[+150.5s]    remota: 192.168.112.218:49737
[+150.5s] STATS al-conectar | punches consistent=0 random=0 open=0 | relaying attempts=0 successes=0 aborts=0
[+150.5s] 📩 17c52081: hola, soy el cliente
[+155.3s] STATS periodico | punches consistent=0 random=0 open=0 | relaying attempts=0 successes=0 aborts=0
[+157.0s] 📩 17c52081: Hola soy franco
[+160.3s] STATS periodico | punches consistent=0 random=0 open=0 | relaying attempts=0 successes=0 aborts=0
[+165.3s] STATS periodico | punches consistent=0 random=0 open=0 | relaying attempts=0 successes=0 aborts=0
[+170.3s] STATS periodico | punches consistent=0 random=0 open=0 | relaying attempts=0 successes=0 aborts=0
[+175.3s] STATS periodico | punches consistent=0 random=0 open=0 | relaying attempts=0 successes=0 aborts=0
[+180.3s] STATS periodico | punches consistent=0 random=0 open=0 | relaying attempts=0 successes=0 aborts=0
[+185.3s] STATS periodico | punches consistent=0 random=0 open=0 | relaying attempts=0 successes=0 aborts=0
[+190.3s] STATS periodico | punches consistent=0 random=0 open=0 | relaying attempts=0 successes=0 aborts=0
[+195.3s] STATS periodico | punches consistent=0 random=0 open=0 | relaying attempts=0 successes=0 aborts=0
[+200.3s] STATS periodico | punches consistent=0 random=0 open=0 | relaying attempts=0 successes=0 aborts=0
[+205.3s] STATS periodico | punches consistent=0 random=0 open=0 | relaying attempts=0 successes=0 aborts=0
[+210.3s] STATS periodico | punches consistent=0 random=0 open=0 | relaying attempts=0 successes=0 aborts=0
[+215.3s] STATS periodico | punches consistent=0 random=0 open=0 | relaying attempts=0 successes=0 aborts=0
[+220.3s] STATS periodico | punches consistent=0 random=0 open=0 | relaying attempts=0 successes=0 aborts=0
[+225.3s] STATS periodico | punches consistent=0 random=0 open=0 | relaying attempts=0 successes=0 aborts=0
[+230.3s] STATS periodico | punches consistent=0 random=0 open=0 | relaying attempts=0 successes=0 aborts=0
[+235.3s] STATS periodico | punches consistent=0 random=0 open=0 | relaying attempts=0 successes=0 aborts=0
[+240.3s] STATS periodico | punches consistent=0 random=0 open=0 | relaying attempts=0 successes=0 aborts=0
[+245.3s] STATS periodico | punches consistent=0 random=0 open=0 | relaying attempts=0 successes=0 aborts=0
[+247.8s] 📩 17c52081: holaaa
[+249.7s] 📩 17c52081: XDD
[+250.3s] STATS periodico | punches consistent=0 random=0 open=0 | relaying attempts=0 successes=0 aborts=0
[+255.3s] STATS periodico | punches consistent=0 random=0 open=0 | relaying attempts=0 successes=0 aborts=0
[+260.3s] STATS periodico | punches consistent=0 random=0 open=0 | relaying attempts=0 successes=0 aborts=0
[+265.3s] STATS periodico | punches consistent=0 random=0 open=0 | relaying attempts=0 successes=0 aborts=0
[+270.3s] STATS periodico | punches consistent=0 random=0 open=0 | relaying attempts=0 successes=0 aborts=0
[+275.3s] STATS periodico | punches consistent=0 random=0 open=0 | relaying attempts=0 successes=0 aborts=0
[+280.4s] STATS periodico | punches consistent=0 random=0 open=0 | relaying attempts=0 successes=0 aborts=0
[+285.4s] STATS periodico | punches consistent=0 random=0 open=0 | relaying attempts=0 successes=0 aborts=0
[+290.4s] STATS periodico | punches consistent=0 random=0 open=0 | relaying attempts=0 successes=0 aborts=0
[+295.4s] STATS periodico | punches consistent=0 random=0 open=0 | relaying attempts=0 successes=0 aborts=0
[+297.8s] 📩 17c52081: xDD
[+299.8s] 📩 17c52081: XDDDDD
[+300.4s] STATS periodico | punches consistent=0 random=0 open=0 | relaying attempts=0 successes=0 aborts=0
[+304.0s] 📩 17c52081: hola xavales
[+305.4s] STATS periodico | punches consistent=0 random=0 open=0 | relaying attempts=0 successes=0 aborts=0
[+310.3s] 📩 17c52081: esto es comunicacion de guera
[+310.4s] STATS periodico | punches consistent=0 random=0 open=0 | relaying attempts=0 successes=0 aborts=0
[+315.4s] STATS periodico | punches consistent=0 random=0 open=0 | relaying attempts=0 successes=0 aborts=0
[+320.4s] STATS periodico | punches consistent=0 random=0 open=0 | relaying attempts=0 successes=0 aborts=0
[+320.8s] 📩 17c52081: HOLA SOY PUTIN
[+321.6s] 📩 17c52081: Q ONDA
[+325.4s] STATS periodico | punches consistent=0 random=0 open=0 | relaying attempts=0 successes=0 aborts=0
[+327.6s] 📩 17c52081: ESTOY REN PUNGA
[+330.4s] STATS periodico | punches consistent=0 random=0 open=0 | relaying attempts=0 successes=0 aborts=0
[+333.2s] 📩 17c52081: me anda busacndo el pity alvarez
[+335.4s] STATS periodico | punches consistent=0 random=0 open=0 | relaying attempts=0 successes=0 aborts=0
[+340.4s] STATS periodico | punches consistent=0 random=0 open=0 | relaying attempts=0 successes=0 aborts=0
[+345.4s] STATS periodico | punches consistent=0 random=0 open=0 | relaying attempts=0 successes=0 aborts=0
[+350.4s] STATS periodico | punches consistent=0 random=0 open=0 | relaying attempts=0 successes=0 aborts=0
[+355.4s] STATS periodico | punches consistent=0 random=0 open=0 | relaying attempts=0 successes=0 aborts=0
[+360.4s] STATS periodico | punches consistent=0 random=0 open=0 | relaying attempts=0 successes=0 aborts=0
[+365.4s] STATS periodico | punches consistent=0 random=0 open=0 | relaying attempts=0 successes=0 aborts=0
[+370.4s] STATS periodico | punches consistent=0 random=0 open=0 | relaying attempts=0 successes=0 aborts=0
[+375.4s] STATS periodico | punches consistent=0 random=0 open=0 | relaying attempts=0 successes=0 aborts=0
[+380.4s] STATS periodico | punches consistent=0 random=0 open=0 | relaying attempts=0 successes=0 aborts=0
[+385.4s] STATS periodico | punches consistent=0 random=0 open=0 | relaying attempts=0 successes=0 aborts=0
[+390.4s] STATS periodico | punches consistent=0 random=0 open=0 | relaying attempts=0 successes=0 aborts=0
[+395.4s] STATS periodico | punches consistent=0 random=0 open=0 | relaying attempts=0 successes=0 aborts=0
[+400.4s] STATS periodico | punches consistent=0 random=0 open=0 | relaying attempts=0 successes=0 aborts=0
[+405.4s] STATS periodico | punches consistent=0 random=0 open=0 | relaying attempts=0 successes=0 aborts=0
[+410.4s] STATS periodico | punches consistent=0 random=0 open=0 | relaying attempts=0 successes=0 aborts=0
[+415.4s] STATS periodico | punches consistent=0 random=0 open=0 | relaying attempts=0 successes=0 aborts=0
[+420.4s] STATS periodico | punches consistent=0 random=0 open=0 | relaying attempts=0 successes=0 aborts=0
[+425.4s] STATS periodico | punches consistent=1 random=0 open=0 | relaying attempts=0 successes=0 aborts=0
[+430.4s] STATS periodico | punches consistent=1 random=0 open=0 | relaying attempts=0 successes=0 aborts=0
[+435.4s] STATS periodico | punches consistent=1 random=0 open=0 | relaying attempts=0 successes=0 aborts=0
[+440.4s] STATS periodico | punches consistent=1 random=0 open=0 | relaying attempts=0 successes=0 aborts=0
[+445.4s] STATS periodico | punches consistent=1 random=0 open=0 | relaying attempts=0 successes=0 aborts=0
[+450.4s] STATS periodico | punches consistent=1 random=0 open=0 | relaying attempts=0 successes=0 aborts=0
[+455.4s] STATS periodico | punches consistent=1 random=0 open=0 | relaying attempts=0 successes=0 aborts=0
[+460.4s] STATS periodico | punches consistent=1 random=0 open=0 | relaying attempts=0 successes=0 aborts=0
[+465.4s] STATS periodico | punches consistent=1 random=0 open=0 | relaying attempts=0 successes=0 aborts=0
[+470.4s] error de conexión: ECONNRESET connection reset by peer
[+470.4s] conexión cerrada
[+470.4s] STATS periodico | punches consistent=1 random=0 open=0 | relaying attempts=0 successes=0 aborts=0
[+475.4s] STATS periodico | punches consistent=1 random=0 open=0 | relaying attempts=0 successes=0 aborts=0
[+480.4s] STATS periodico | punches consistent=1 random=0 open=0 | relaying attempts=0 successes=0 aborts=0
[+485.4s] STATS periodico | punches consistent=1 random=0 open=0 | relaying attempts=0 successes=0 aborts=0
[+490.4s] STATS periodico | punches consistent=1 random=0 open=0 | relaying attempts=0 successes=0 aborts=0
[+495.4s] STATS periodico | punches consistent=1 random=0 open=0 | relaying attempts=0 successes=0 aborts=0
[+500.4s] STATS periodico | punches consistent=1 random=0 open=0 | relaying attempts=0 successes=0 aborts=0
[+505.4s] STATS periodico | punches consistent=1 random=0 open=0 | relaying attempts=0 successes=0 aborts=0
[+510.4s] STATS periodico | punches consistent=1 random=0 open=0 | relaying attempts=0 successes=0 aborts=0
[+515.4s] STATS periodico | punches consistent=1 random=0 open=0 | relaying attempts=0 successes=0 aborts=0
[+520.4s] STATS periodico | punches consistent=1 random=0 open=0 | relaying attempts=0 successes=0 aborts=0
[+525.4s] STATS periodico | punches consistent=1 random=0 open=0 | relaying attempts=0 successes=0 aborts=0
[+530.4s] STATS periodico | punches consistent=1 random=0 open=0 | relaying attempts=0 successes=0 aborts=0
[+535.4s] STATS periodico | punches consistent=1 random=0 open=0 | relaying attempts=0 successes=0 aborts=0
[+540.4s] STATS periodico | punches consistent=1 random=0 open=0 | relaying attempts=0 successes=0 aborts=0
[+545.4s] STATS periodico | punches consistent=1 random=0 open=0 | relaying attempts=0 successes=0 aborts=0
[+550.4s] STATS periodico | punches consistent=1 random=0 open=0 | relaying attempts=0 successes=0 aborts=0
[+555.4s] STATS periodico | punches consistent=1 random=0 open=0 | relaying attempts=0 successes=0 aborts=0
[+560.4s] STATS periodico | punches consistent=1 random=0 open=0 | relaying attempts=0 successes=0 aborts=0
[+565.4s] STATS periodico | punches consistent=1 random=0 open=0 | relaying attempts=0 successes=0 aborts=0
[+570.4s] STATS periodico | punches consistent=1 random=0 open=0 | relaying attempts=0 successes=0 aborts=0
[+575.4s] STATS periodico | punches consistent=1 random=0 open=0 | relaying attempts=0 successes=0 aborts=0
[+580.4s] STATS periodico | punches consistent=1 random=0 open=0 | relaying attempts=0 successes=0 aborts=0
[+585.4s] STATS periodico | punches consistent=1 random=0 open=0 | relaying attempts=0 successes=0 aborts=0
[+590.4s] STATS periodico | punches consistent=1 random=0 open=0 | relaying attempts=0 successes=0 aborts=0
[+595.4s] STATS periodico | punches consistent=1 random=0 open=0 | relaying attempts=0 successes=0 aborts=0
[+600.4s] STATS periodico | punches consistent=1 random=0 open=0 | relaying attempts=0 successes=0 aborts=0
[+605.4s] STATS periodico | punches consistent=1 random=0 open=0 | relaying attempts=0 successes=0 aborts=0
[+610.4s] STATS periodico | punches consistent=1 random=0 open=0 | relaying attempts=0 successes=0 aborts=0
[+615.4s] STATS periodico | punches consistent=1 random=0 open=0 | relaying attempts=0 successes=0 aborts=0
[+620.4s] STATS periodico | punches consistent=1 random=0 open=0 | relaying attempts=0 successes=0 aborts=0
[+625.4s] STATS periodico | punches consistent=1 random=0 open=0 | relaying attempts=0 successes=0 aborts=0
[+630.4s] STATS periodico | punches consistent=1 random=0 open=0 | relaying attempts=0 successes=0 aborts=0
[+635.4s] STATS periodico | punches consistent=1 random=0 open=0 | relaying attempts=0 successes=0 aborts=0
[+640.4s] STATS periodico | punches consistent=1 random=0 open=0 | relaying attempts=0 successes=0 aborts=0
[+645.4s] STATS periodico | punches consistent=1 random=0 open=0 | relaying attempts=0 successes=0 aborts=0
[+650.4s] STATS periodico | punches consistent=1 random=0 open=0 | relaying attempts=0 successes=0 aborts=0
[+655.4s] STATS periodico | punches consistent=1 random=0 open=0 | relaying attempts=0 successes=0 aborts=0
[+660.4s] STATS periodico | punches consistent=1 random=0 open=0 | relaying attempts=0 successes=0 aborts=0
[+665.4s] STATS periodico | punches consistent=1 random=0 open=0 | relaying attempts=0 successes=0 aborts=0
[+670.4s] STATS periodico | punches consistent=1 random=0 open=0 | relaying attempts=0 successes=0 aborts=0
[+675.4s] STATS periodico | punches consistent=1 random=0 open=0 | relaying attempts=0 successes=0 aborts=0
[+680.4s] STATS periodico | punches consistent=1 random=0 open=0 | relaying attempts=0 successes=0 aborts=0
[+685.4s] STATS periodico | punches consistent=1 random=0 open=0 | relaying attempts=0 successes=0 aborts=0
[+690.4s] STATS periodico | punches consistent=1 random=0 open=0 | relaying attempts=0 successes=0 aborts=0
[+695.4s] STATS periodico | punches consistent=1 random=0 open=0 | relaying attempts=0 successes=0 aborts=0
[+700.4s] STATS periodico | punches consistent=1 random=0 open=0 | relaying attempts=0 successes=0 aborts=0
[+705.4s] STATS periodico | punches consistent=1 random=0 open=0 | relaying attempts=0 successes=0 aborts=0
[+710.4s] STATS periodico | punches consistent=1 random=0 open=0 | relaying attempts=0 successes=0 aborts=0
[+715.4s] STATS periodico | punches consistent=1 random=0 open=0 | relaying attempts=0 successes=0 aborts=0
[+720.5s] STATS periodico | punches consistent=1 random=0 open=0 | relaying attempts=0 successes=0 aborts=0
[+725.5s] STATS periodico | punches consistent=1 random=0 open=0 | relaying attempts=0 successes=0 aborts=0
[+730.5s] STATS periodico | punches consistent=1 random=0 open=0 | relaying attempts=0 successes=0 aborts=0
[+735.5s] STATS periodico | punches consistent=1 random=0 open=0 | relaying attempts=0 successes=0 aborts=0
[+740.5s] STATS periodico | punches consistent=1 random=0 open=0 | relaying attempts=0 successes=0 aborts=0
[+745.5s] STATS periodico | punches consistent=1 random=0 open=0 | relaying attempts=0 successes=0 aborts=0
[+750.5s] STATS periodico | punches consistent=1 random=0 open=0 | relaying attempts=0 successes=0 aborts=0
[+754.5s] ✅ CONEXION ENTRANTE de 1edd118bffe6…
[+754.5s]    remota: 186.157.164.121:28108
[+754.5s] STATS al-conectar | punches consistent=1 random=0 open=0 | relaying attempts=0 successes=0 aborts=0
[+754.5s] 📩 1edd118b: hola, soy el cliente
[+755.5s] STATS periodico | punches consistent=1 random=0 open=0 | relaying attempts=0 successes=0 aborts=0
[+758.8s] 📩 1edd118b: hola soy franco
[+760.5s] STATS periodico | punches consistent=1 random=0 open=0 | relaying attempts=0 successes=0 aborts=0
[+760.7s] 📩 1edd118b: desde otra red
[+763.0s] 📩 1edd118b: tengo otra ip?
[+764.2s] error de conexión: ECONNRESET connection reset by peer
[+764.2s] conexión cerrada
[+765.5s] STATS periodico | punches consistent=1 random=0 open=0 | relaying attempts=0 successes=0 aborts=0
[+770.5s] STATS periodico | punches consistent=1 random=0 open=0 | relaying attempts=0 successes=0 aborts=0
[+775.5s] STATS periodico | punches consistent=1 random=0 open=0 | relaying attempts=0 successes=0 aborts=0
[+780.5s] STATS periodico | punches consistent=1 random=0 open=0 | relaying attempts=0 successes=0 aborts=0
[+785.5s] STATS periodico | punches consistent=1 random=0 open=0 | relaying attempts=0 successes=0 aborts=0
[+790.5s] STATS periodico | punches consistent=1 random=0 open=0 | relaying attempts=0 successes=0 aborts=0
[+795.5s] STATS periodico | punches consistent=1 random=0 open=0 | relaying attempts=0 successes=0 aborts=0
[+800.5s] STATS periodico | punches consistent=1 random=0 open=0 | relaying attempts=0 successes=0 aborts=0
[+805.5s] STATS periodico | punches consistent=1 random=0 open=0 | relaying attempts=0 successes=0 aborts=0
[+810.5s] STATS periodico | punches consistent=1 random=0 open=0 | relaying attempts=0 successes=0 aborts=0
[+815.5s] STATS periodico | punches consistent=1 random=0 open=0 | relaying attempts=0 successes=0 aborts=0
[+820.5s] STATS periodico | punches consistent=1 random=0 open=0 | relaying attempts=0 successes=0 aborts=0
[+825.5s] STATS periodico | punches consistent=1 random=0 open=0 | relaying attempts=0 successes=0 aborts=0
[+830.5s] STATS periodico | punches consistent=1 random=0 open=0 | relaying attempts=0 successes=0 aborts=0
[+835.5s] STATS periodico | punches consistent=1 random=0 open=0 | relaying attempts=0 successes=0 aborts=0
[+840.5s] STATS periodico | punches consistent=1 random=0 open=0 | relaying attempts=0 successes=0 aborts=0
[+845.5s] STATS periodico | punches consistent=1 random=0 open=0 | relaying attempts=0 successes=0 aborts=0
[+850.5s] STATS periodico | punches consistent=1 random=0 open=0 | relaying attempts=0 successes=0 aborts=0
[+855.5s] STATS periodico | punches consistent=1 random=0 open=0 | relaying attempts=0 successes=0 aborts=0
[+860.5s] STATS periodico | punches consistent=1 random=0 open=0 | relaying attempts=0 successes=0 aborts=0
[+865.5s] STATS periodico | punches consistent=1 random=0 open=0 | relaying attempts=0 successes=0 aborts=0
[+870.5s] STATS periodico | punches consistent=1 random=0 open=0 | relaying attempts=0 successes=0 aborts=0
[+875.5s] STATS periodico | punches consistent=1 random=0 open=0 | relaying attempts=0 successes=0 aborts=0
[+880.5s] STATS periodico | punches consistent=1 random=0 open=0 | relaying attempts=0 successes=0 aborts=0
[+885.5s] STATS periodico | punches consistent=1 random=0 open=0 | relaying attempts=0 successes=0 aborts=0
[+890.5s] STATS periodico | punches consistent=1 random=0 open=0 | relaying attempts=0 successes=0 aborts=0
[+895.5s] STATS periodico | punches consistent=1 random=0 open=0 | relaying attempts=0 successes=0 aborts=0
[+900.5s] STATS periodico | punches consistent=1 random=0 open=0 | relaying attempts=0 successes=0 aborts=0
[+905.5s] STATS periodico | punches consistent=1 random=0 open=0 | relaying attempts=0 successes=0 aborts=0
[+910.5s] STATS periodico | punches consistent=1 random=0 open=0 | relaying attempts=0 successes=0 aborts=0
[+915.5s] STATS periodico | punches consistent=1 random=0 open=0 | relaying attempts=0 successes=0 aborts=0
[+920.5s] STATS periodico | punches consistent=1 random=0 open=0 | relaying attempts=0 successes=0 aborts=0
[+925.5s] STATS periodico | punches consistent=1 random=0 open=0 | relaying attempts=0 successes=0 aborts=0
[+930.5s] STATS periodico | punches consistent=1 random=0 open=0 | relaying attempts=0 successes=0 aborts=0
[+935.5s] STATS periodico | punches consistent=1 random=0 open=0 | relaying attempts=0 successes=0 aborts=0
[+940.5s] STATS periodico | punches consistent=1 random=0 open=0 | relaying attempts=0 successes=0 aborts=0
[+945.5s] STATS periodico | punches consistent=1 random=0 open=0 | relaying attempts=0 successes=0 aborts=0
[+950.5s] STATS periodico | punches consistent=1 random=0 open=0 | relaying attempts=0 successes=0 aborts=0
[+955.5s] STATS periodico | punches consistent=1 random=0 open=0 | relaying attempts=0 successes=0 aborts=0
[+960.5s] STATS periodico | punches consistent=1 random=0 open=0 | relaying attempts=0 successes=0 aborts=0
[+965.5s] STATS periodico | punches consistent=1 random=0 open=0 | relaying attempts=0 successes=0 aborts=0
[+970.5s] STATS periodico | punches consistent=1 random=0 open=0 | relaying attempts=0 successes=0 aborts=0
[+975.5s] STATS periodico | punches consistent=1 random=0 open=0 | relaying attempts=0 successes=0 aborts=0
[+980.5s] STATS periodico | punches consistent=1 random=0 open=0 | relaying attempts=0 successes=0 aborts=0
[+985.5s] STATS periodico | punches consistent=1 random=0 open=0 | relaying attempts=0 successes=0 aborts=0
[+990.5s] STATS periodico | punches consistent=1 random=0 open=0 | relaying attempts=0 successes=0 aborts=0
[+995.5s] STATS periodico | punches consistent=1 random=0 open=0 | relaying attempts=0 successes=0 aborts=0
[+1000.5s] STATS periodico | punches consistent=1 random=0 open=0 | relaying attempts=0 successes=0 aborts=0
[+1005.5s] STATS periodico | punches consistent=1 random=0 open=0 | relaying attempts=0 successes=0 aborts=0
[+1010.5s] STATS periodico | punches consistent=1 random=0 open=0 | relaying attempts=0 successes=0 aborts=0
[+1015.5s] STATS periodico | punches consistent=1 random=0 open=0 | relaying attempts=0 successes=0 aborts=0
[+1020.5s] STATS periodico | punches consistent=1 random=0 open=0 | relaying attempts=0 successes=0 aborts=0
[+1025.5s] STATS periodico | punches consistent=1 random=0 open=0 | relaying attempts=0 successes=0 aborts=0
[+1030.5s] STATS periodico | punches consistent=1 random=0 open=0 | relaying attempts=0 successes=0 aborts=0
[+1035.5s] STATS periodico | punches consistent=1 random=0 open=0 | relaying attempts=0 successes=0 aborts=0
[+1040.5s] STATS periodico | punches consistent=1 random=0 open=0 | relaying attempts=0 successes=0 aborts=0
[+1045.5s] STATS periodico | punches consistent=1 random=0 open=0 | relaying attempts=0 successes=0 aborts=0
[+1050.5s] STATS periodico | punches consistent=1 random=0 open=0 | relaying attempts=0 successes=0 aborts=0
[+1055.5s] STATS periodico | punches consistent=1 random=0 open=0 | relaying attempts=0 successes=0 aborts=0
[+1060.5s] STATS periodico | punches consistent=1 random=0 open=0 | relaying attempts=0 successes=0 aborts=0
[+1065.5s] STATS periodico | punches consistent=1 random=0 open=0 | relaying attempts=0 successes=0 aborts=0
[+1070.5s] STATS periodico | punches consistent=1 random=0 open=0 | relaying attempts=0 successes=0 aborts=0
[+1075.5s] STATS periodico | punches consistent=1 random=0 open=0 | relaying attempts=0 successes=0 aborts=0
[+1080.5s] STATS periodico | punches consistent=1 random=0 open=0 | relaying attempts=0 successes=0 aborts=0
[+1085.5s] STATS periodico | punches consistent=1 random=0 open=0 | relaying attempts=0 successes=0 aborts=0
[+1090.5s] STATS periodico | punches consistent=1 random=0 open=0 | relaying attempts=0 successes=0 aborts=0
[+1095.5s] STATS periodico | punches consistent=1 random=0 open=0 | relaying attempts=0 successes=0 aborts=0
[+1100.5s] STATS periodico | punches consistent=1 random=0 open=0 | relaying attempts=0 successes=0 aborts=0
[+1105.5s] STATS periodico | punches consistent=1 random=0 open=0 | relaying attempts=0 successes=0 aborts=0
[+1111.5s] STATS periodico | punches consistent=1 random=0 open=0 | relaying attempts=0 successes=0 aborts=0
[+1116.5s] STATS periodico | punches consistent=1 random=0 open=0 | relaying attempts=0 successes=0 aborts=0
[+1121.5s] STATS periodico | punches consistent=1 random=0 open=0 | relaying attempts=0 successes=0 aborts=0
[+1126.5s] STATS periodico | punches consistent=1 random=0 open=0 | relaying attempts=0 successes=0 aborts=0
[+1131.5s] STATS periodico | punches consistent=1 random=0 open=0 | relaying attempts=0 successes=0 aborts=0
[+1136.5s] STATS periodico | punches consistent=1 random=0 open=0 | relaying attempts=0 successes=0 aborts=0
[+1141.5s] STATS periodico | punches consistent=1 random=0 open=0 | relaying attempts=0 successes=0 aborts=0
[+1146.5s] STATS periodico | punches consistent=1 random=0 open=0 | relaying attempts=0 successes=0 aborts=0
[+1151.5s] STATS periodico | punches consistent=1 random=0 open=0 | relaying attempts=0 successes=0 aborts=0
[+1156.5s] STATS periodico | punches consistent=1 random=0 open=0 | relaying attempts=0 successes=0 aborts=0
[+1161.5s] STATS periodico | punches consistent=1 random=0 open=0 | relaying attempts=0 successes=0 aborts=0
[+1166.5s] STATS periodico | punches consistent=1 random=0 open=0 | relaying attempts=0 successes=0 aborts=0
[+1171.5s] STATS periodico | punches consistent=1 random=0 open=0 | relaying attempts=0 successes=0 aborts=0
[+1176.5s] STATS periodico | punches consistent=1 random=0 open=0 | relaying attempts=0 successes=0 aborts=0
[+1181.5s] STATS periodico | punches consistent=1 random=0 open=0 | relaying attempts=0 successes=0 aborts=0
[+1186.5s] STATS periodico | punches consistent=1 random=0 open=0 | relaying attempts=0 successes=0 aborts=0
[+1191.5s] STATS periodico | punches consistent=1 random=0 open=0 | relaying attempts=0 successes=0 aborts=0
[+1196.5s] STATS periodico | punches consistent=1 random=0 open=0 | relaying attempts=0 successes=0 aborts=0
[+1201.5s] STATS periodico | punches consistent=1 random=0 open=0 | relaying attempts=0 successes=0 aborts=0
[+1206.6s] STATS periodico | punches consistent=1 random=0 open=0 | relaying attempts=0 successes=0 aborts=0
[+1211.6s] STATS periodico | punches consistent=1 random=0 open=0 | relaying attempts=0 successes=0 aborts=0
[+1216.6s] STATS periodico | punches consistent=1 random=0 open=0 | relaying attempts=0 successes=0 aborts=0
[+1221.6s] STATS periodico | punches consistent=1 random=0 open=0 | relaying attempts=0 successes=0 aborts=0
[+1226.6s] STATS periodico | punches consistent=1 random=0 open=0 | relaying attempts=0 successes=0 aborts=0
[+1231.6s] STATS periodico | punches consistent=1 random=0 open=0 | relaying attempts=0 successes=0 aborts=0
[+1236.6s] STATS periodico | punches consistent=1 random=0 open=0 | relaying attempts=0 successes=0 aborts=0
[+1241.6s] STATS periodico | punches consistent=1 random=0 open=0 | relaying attempts=0 successes=0 aborts=0
[+1246.6s] STATS periodico | punches consistent=1 random=0 open=0 | relaying attempts=0 successes=0 aborts=0
[+1251.6s] STATS periodico | punches consistent=1 random=0 open=0 | relaying attempts=0 successes=0 aborts=0
[+1256.6s] STATS periodico | punches consistent=1 random=0 open=0 | relaying attempts=0 successes=0 aborts=0
[+1261.6s] STATS periodico | punches consistent=1 random=0 open=0 | relaying attempts=0 successes=0 aborts=0
[+1266.6s] STATS periodico | punches consistent=1 random=0 open=0 | relaying attempts=0 successes=0 aborts=0
[+1271.6s] STATS periodico | punches consistent=1 random=0 open=0 | relaying attempts=0 successes=0 aborts=0
[+1276.6s] STATS periodico | punches consistent=1 random=0 open=0 | relaying attempts=0 successes=0 aborts=0
[+1281.6s] STATS periodico | punches consistent=1 random=0 open=0 | relaying attempts=0 successes=0 aborts=0
[+1286.6s] STATS periodico | punches consistent=1 random=0 open=0 | relaying attempts=0 successes=0 aborts=0
[+1291.6s] STATS periodico | punches consistent=1 random=0 open=0 | relaying attempts=0 successes=0 aborts=0
[+1296.6s] STATS periodico | punches consistent=1 random=0 open=0 | relaying attempts=0 successes=0 aborts=0
[+1301.6s] STATS periodico | punches consistent=1 random=0 open=0 | relaying attempts=0 successes=0 aborts=0
[+1306.6s] STATS periodico | punches consistent=1 random=0 open=0 | relaying attempts=0 successes=0 aborts=0
[+1311.6s] STATS periodico | punches consistent=1 random=0 open=0 | relaying attempts=0 successes=0 aborts=0
[+1316.6s] STATS periodico | punches consistent=1 random=0 open=0 | relaying attempts=0 successes=0 aborts=0
[+1321.6s] STATS periodico | punches consistent=1 random=0 open=0 | relaying attempts=0 successes=0 aborts=0
[+1326.6s] STATS periodico | punches consistent=1 random=0 open=0 | relaying attempts=0 successes=0 aborts=0
[+1331.6s] STATS periodico | punches consistent=1 random=0 open=0 | relaying attempts=0 successes=0 aborts=0
[+1336.6s] STATS periodico | punches consistent=1 random=0 open=0 | relaying attempts=0 successes=0 aborts=0
[+1341.6s] STATS periodico | punches consistent=1 random=0 open=0 | relaying attempts=0 successes=0 aborts=0
[+1346.6s] STATS periodico | punches consistent=1 random=0 open=0 | relaying attempts=0 successes=0 aborts=0
[+1351.6s] STATS periodico | punches consistent=1 random=0 open=0 | relaying attempts=0 successes=0 aborts=0
[+1356.6s] STATS periodico | punches consistent=1 random=0 open=0 | relaying attempts=0 successes=0 aborts=0
[+1361.6s] STATS periodico | punches consistent=1 random=0 open=0 | relaying attempts=0 successes=0 aborts=0
[+1366.6s] STATS periodico | punches consistent=1 random=0 open=0 | relaying attempts=0 successes=0 aborts=0
[+1371.6s] STATS periodico | punches consistent=1 random=0 open=0 | relaying attempts=0 successes=0 aborts=0
[+1376.6s] STATS periodico | punches consistent=1 random=0 open=0 | relaying attempts=0 successes=0 aborts=0
[+1381.6s] STATS periodico | punches consistent=1 random=0 open=0 | relaying attempts=0 successes=0 aborts=0
[+1386.6s] STATS periodico | punches consistent=1 random=0 open=0 | relaying attempts=0 successes=0 aborts=0
[+1391.6s] STATS periodico | punches consistent=1 random=0 open=0 | relaying attempts=0 successes=0 aborts=0
[+1396.6s] STATS periodico | punches consistent=1 random=0 open=0 | relaying attempts=0 successes=0 aborts=0
[+1401.6s] STATS periodico | punches consistent=1 random=0 open=0 | relaying attempts=0 successes=0 aborts=0
[+1406.6s] STATS periodico | punches consistent=1 random=0 open=0 | relaying attempts=0 successes=0 aborts=0
[+1411.6s] STATS periodico | punches consistent=1 random=0 open=0 | relaying attempts=0 successes=0 aborts=0
[+1416.6s] STATS periodico | punches consistent=1 random=0 open=0 | relaying attempts=0 successes=0 aborts=0
[+1421.6s] STATS periodico | punches consistent=1 random=0 open=0 | relaying attempts=0 successes=0 aborts=0
[+1426.6s] STATS periodico | punches consistent=1 random=0 open=0 | relaying attempts=0 successes=0 aborts=0
[+1431.6s] STATS periodico | punches consistent=1 random=0 open=0 | relaying attempts=0 successes=0 aborts=0
[+1436.6s] STATS periodico | punches consistent=1 random=0 open=0 | relaying attempts=0 successes=0 aborts=0
[+1441.6s] STATS periodico | punches consistent=1 random=0 open=0 | relaying attempts=0 successes=0 aborts=0
[+1446.6s] STATS periodico | punches consistent=1 random=0 open=0 | relaying attempts=0 successes=0 aborts=0
[+1451.6s] STATS periodico | punches consistent=1 random=0 open=0 | relaying attempts=0 successes=0 aborts=0
[+1456.6s] STATS periodico | punches consistent=1 random=0 open=0 | relaying attempts=0 successes=0 aborts=0
[+1461.6s] STATS periodico | punches consistent=1 random=0 open=0 | relaying attempts=0 successes=0 aborts=0
[+1466.6s] STATS periodico | punches consistent=1 random=0 open=0 | relaying attempts=0 successes=0 aborts=0
[+1471.6s] STATS periodico | punches consistent=1 random=0 open=0 | relaying attempts=0 successes=0 aborts=0
[+1476.6s] STATS periodico | punches consistent=1 random=0 open=0 | relaying attempts=0 successes=0 aborts=0
[+1481.6s] STATS periodico | punches consistent=1 random=0 open=0 | relaying attempts=0 successes=0 aborts=0
[+1486.6s] STATS periodico | punches consistent=1 random=0 open=0 | relaying attempts=0 successes=0 aborts=0
[+1491.6s] STATS periodico | punches consistent=1 random=0 open=0 | relaying attempts=0 successes=0 aborts=0
[+1496.6s] STATS periodico | punches consistent=1 random=0 open=0 | relaying attempts=0 successes=0 aborts=0
[+1501.6s] STATS periodico | punches consistent=1 random=0 open=0 | relaying attempts=0 successes=0 aborts=0
[+1506.6s] STATS periodico | punches consistent=1 random=0 open=0 | relaying attempts=0 successes=0 aborts=0
[+1511.6s] STATS periodico | punches consistent=1 random=0 open=0 | relaying attempts=0 successes=0 aborts=0
[+1516.6s] STATS periodico | punches consistent=1 random=0 open=0 | relaying attempts=0 successes=0 aborts=0
[+1521.6s] STATS periodico | punches consistent=1 random=0 open=0 | relaying attempts=0 successes=0 aborts=0
[+1526.6s] STATS periodico | punches consistent=1 random=0 open=0 | relaying attempts=0 successes=0 aborts=0
[+1531.6s] STATS periodico | punches consistent=1 random=0 open=0 | relaying attempts=0 successes=0 aborts=0
[+1536.6s] STATS periodico | punches consistent=1 random=0 open=0 | relaying attempts=0 successes=0 aborts=0
[+1541.6s] STATS periodico | punches consistent=1 random=0 open=0 | relaying attempts=0 successes=0 aborts=0
[+1546.6s] STATS periodico | punches consistent=1 random=0 open=0 | relaying attempts=0 successes=0 aborts=0
[+1551.6s] STATS periodico | punches consistent=1 random=0 open=0 | relaying attempts=0 successes=0 aborts=0
[+1556.6s] STATS periodico | punches consistent=1 random=0 open=0 | relaying attempts=0 successes=0 aborts=0
